[2026-04-08 06:14:29] ============================================================
[2026-04-08 06:14:29] GitHub → 飞书云盘 自动同步开始
[2026-04-08 06:14:29] 时间: 2026-04-08 06:14:29
[2026-04-08 06:14:29] 源: https://github.com/fisher0000/obsidian/tree/main/KB
[2026-04-08 06:14:29] 本地备份: /home/node/.openclaw/workspace/KB-backup
[2026-04-08 06:14:29] 目标: 飞书云盘 (Ofu0fS87fl5SHwdTZSmcmXoQnse)
[2026-04-08 06:14:29] ============================================================
[2026-04-08 06:14:29] ============================================================
[2026-04-08 06:14:29] 步骤1: 从 GitHub 同步 KB 文件夹到本地...
[2026-04-08 06:14:29]   本地仓库已存在，执行 git pull...
[2026-04-08 06:15:06]   ✓ git pull 成功
[2026-04-08 06:15:06] 步骤2: 扫描本地文件...
[2026-04-08 06:15:06] ✓ 发现 35 个文件
[2026-04-08 06:15:06] 步骤3: 生成批量上传脚本...
[2026-04-08 06:15:06] ✓ 生成上传脚本: /home/node/.openclaw/workspace/scripts/github-to-feishu-upload-batch.sh
[2026-04-08 06:15:06] ✓ 待上传文件: 35 个
[2026-04-08 06:15:06] ============================================================
[2026-04-08 06:15:06] 同步任务准备完成
[2026-04-08 06:15:06]   待上传: 35 个文件
[2026-04-08 06:15:06]   跳过: 0 个文件
[2026-04-08 06:15:06] 
[2026-04-08 06:15:06] 本地备份位置: /home/node/.openclaw/workspace/KB-backup/KB
[2026-04-08 06:15:06] 
[2026-04-08 06:15:06] 请执行以下命令完成上传:
[2026-04-08 06:15:06]   bash /home/node/.openclaw/workspace/scripts/github-to-feishu-upload-batch.sh
[2026-04-08 06:15:06] 
[2026-04-08 06:15:06] 或者让我帮你执行批量上传
[2026-04-08 06:15:06] ============================================================
