[2026-04-04 05:33:03] ============================================================
[2026-04-04 05:33:03] GitHub → 飞书云盘同步开始
[2026-04-04 05:33:03] 时间: 2026-04-04 05:33:03
[2026-04-04 05:33:03] 源: https://github.com/fisher0000/obsidian/tree/main/KB
[2026-04-04 05:33:03] 目标: 飞书云盘 (Ofu0fS87fl5SHwdTZSmcmXoQnse)
[2026-04-04 05:33:03] ============================================================
[2026-04-04 05:33:03] ============================================================
[2026-04-04 05:33:03] 步骤1: 从 GitHub 拉取 KB 文件夹...
[2026-04-04 05:35:54] ✓ GitHub 拉取成功
[2026-04-04 05:35:54] 步骤2: 扫描本地文件...
[2026-04-04 05:35:54] ✓ 发现 33 个文件需要同步
[2026-04-04 05:35:54] 步骤3: 开始同步到飞书云盘...
[2026-04-04 05:35:54] 目标文件夹: Ofu0fS87fl5SHwdTZSmcmXoQnse
[2026-04-04 05:35:54] [1/33] EMA/EMA 关于非致突变杂质的界定的思考性文件 Reflection paper on the qualification of non-mutagenic impurities 20260313 - 识林.md
[2026-04-04 05:35:54]   执行: openclaw tools feishu_drive_file upload EMA 关于非致突变杂质的界定的思考性文件 Reflection paper on the qualification of non-mutagenic impurities 20260313 - 识林.md
[2026-04-04 05:36:29]   ✗ 上传失败: EMA 关于非致突变杂质的界定的思考性文件 Reflection paper on the qualification of non-mutagenic impurities 20260313 - 识林.md
[2026-04-04 05:36:29]     错误: error: unknown command 'tools'
(Did you mean hooks?)

[2026-04-04 05:36:29] [2/33] FDA/ANDA 申报.md
[2026-04-04 05:36:29]   执行: openclaw tools feishu_drive_file upload ANDA 申报.md
[2026-04-04 05:36:56]   ✗ 上传失败: ANDA 申报.md
[2026-04-04 05:36:56]     错误: error: unknown command 'tools'
(Did you mean hooks?)

[2026-04-04 05:36:56] [3/33] FDA/FDA Orange Book - 识林.md
[2026-04-04 05:36:56]   执行: openclaw tools feishu_drive_file upload FDA Orange Book - 识林.md
[2026-04-04 05:37:17]   ✗ 上传失败: FDA Orange Book - 识林.md
[2026-04-04 05:37:17]     错误: error: unknown command 'tools'
(Did you mean hooks?)

[2026-04-04 05:37:17] [4/33] ICH/M4Q(R1) Quality cn - 识林.md
[2026-04-04 05:37:17]   执行: openclaw tools feishu_drive_file upload M4Q(R1) Quality cn - 识林.md
[2026-04-04 05:37:40]   ✗ 上传失败: M4Q(R1) Quality cn - 识林.md
[2026-04-04 05:37:40]     错误: error: unknown command 'tools'
(Did you mean hooks?)

[2026-04-04 05:37:40] [5/33] ICH/M7 R2 评估和控制药物中DNA反应性致突变杂质以限制潜在致癌风险 20230403 - 识林.md
[2026-04-04 05:37:40]   执行: openclaw tools feishu_drive_file upload M7 R2 评估和控制药物中DNA反应性致突变杂质以限制潜在致癌风险 20230403 - 识林.md
[2026-04-04 05:38:02]   ✗ 上传失败: M7 R2 评估和控制药物中DNA反应性致突变杂质以限制潜在致癌风险 20230403 - 识林.md
[2026-04-04 05:38:02]     错误: error: unknown command 'tools'
(Did you mean hooks?)

[2026-04-04 05:38:02] [6/33] ICH/M7 R2 问答文件 20220524 - 识林.md
[2026-04-04 05:38:02]   执行: openclaw tools feishu_drive_file upload M7 R2 问答文件 20220524 - 识林.md
[2026-04-04 05:39:57] ============================================================
[2026-04-04 05:39:57] GitHub → 飞书云盘 同步任务生成
[2026-04-04 05:39:57] 时间: 2026-04-04 05:39:57
[2026-04-04 05:39:57] 源: https://github.com/fisher0000/obsidian/tree/main/KB
[2026-04-04 05:39:57] 目标: 飞书云盘 (Ofu0fS87fl5SHwdTZSmcmXoQnse)
[2026-04-04 05:39:57] ============================================================
[2026-04-04 05:39:57] ============================================================
[2026-04-04 05:39:57] 步骤1: 从 GitHub 拉取 KB 文件夹...
[2026-04-04 05:42:49] ✓ GitHub 拉取成功
[2026-04-04 05:42:49] 步骤2: 扫描本地文件...
[2026-04-04 05:42:49] ✓ 发现 33 个文件需要同步
[2026-04-04 05:42:49] 步骤3: 生成同步任务列表...
[2026-04-04 05:42:49] [1/33] EMA/EMA 关于非致突变杂质的界定的思考性文件 Reflection paper on the qualification of non-mutagenic impurities 20260313 - 识林.md → 待上传
[2026-04-04 05:42:49] [2/33] FDA/ANDA 申报.md → 待上传
[2026-04-04 05:42:49] [3/33] FDA/FDA Orange Book - 识林.md → 待上传
[2026-04-04 05:42:49] [4/33] ICH/M4Q(R1) Quality cn - 识林.md → 待上传
[2026-04-04 05:42:49] [5/33] ICH/M7 R2 评估和控制药物中DNA反应性致突变杂质以限制潜在致癌风险 20230403 - 识林.md → 待上传
[2026-04-04 05:42:49] [6/33] ICH/M7 R2 问答文件 20220524 - 识林.md → 待上传
[2026-04-04 05:42:49] [7/33] ICH/Q11 原料药开发和生产 化学实体和生物技术-生物实体药物 20120501 - 识林.md → 待上传
[2026-04-04 05:42:49] [8/33] ICH/Q11 问答 原料药开发和生产 化学实体和生物技术-生物实体药物 问答 20170823 - 识林.md → 待上传
[2026-04-04 05:42:49] [9/33] ICH/Q13 原料药和制剂的连续制造 20221116 - 识林.md → 待上传
[2026-04-04 05:42:49] [10/33] ICH/Q14 分析方法开发 20231101 - 识林.md → 待上传
[2026-04-04 05:42:49] [11/33] ICH/Q1A R2 新原料药和制剂的稳定性试验 20030206 - 识林.md → 待上传
[2026-04-04 05:42:49] [12/33] ICH/Q1B 稳定性试验新原料药和制剂的光稳定性试验 19961106 - 识林.md → 待上传
[2026-04-04 05:42:49] [13/33] ICH/Q1指导原则草案 20250506 - 识林.md → 待上传
[2026-04-04 05:42:49] [14/33] ICH/Q2 R2 分析方法验证 20231101 - 识林.md → 待上传
[2026-04-04 05:42:49] [15/33] ICH/Q3A R2 新原料药中的杂质 20061025 - 识林.md → 待上传
[2026-04-04 05:42:49] [16/33] ICH/Q3C R9 杂质残留溶剂的指导原则 20240124 - 识林.md → 待上传
[2026-04-04 05:42:49] [17/33] ICH/Q3D R2 元素杂质指导原则 20220426 - 识林.md → 待上传
[2026-04-04 05:42:49] [18/33] ICH/Q3E 指导原则草案 20250926 - 识林.md → 待上传
[2026-04-04 05:42:49] [19/33] ICH/Q7 原料药的药品生产质量管理规范指南 20001110 - 识林.md → 待上传
[2026-04-04 05:42:49] [20/33] ICH/Q7 问答 原料药的药品生产质量管理规范指南问答 20150610 - 识林.md → 待上传
[2026-04-04 05:42:49] [21/33] ICH/Q8 R2 药品研发 200908 - 识林.md → 待上传
[2026-04-04 05:42:49] [22/33] NMPA CFDA CFDI/CDE 创新药化学药临床试验期间药学变更技术指导原则试行 20210303 - 识林.md → 待上传
[2026-04-04 05:42:49] [23/33] NMPA CFDA CFDI/CDE 已上市化学药品药学变更研究技术指导原则试行 20210210 - 识林.md → 待上传
[2026-04-04 05:42:49] [24/33] NMPA CFDA CFDI/CFDI 工艺验证检查指南 20250407 - 识林.md → 待上传
[2026-04-04 05:42:49] [25/33] NMPA CFDA CFDI/CFDI 药品注册核查工作程序试行 20211217 - 识林.md → 待上传
[2026-04-04 05:42:49] [26/33] NMPA CFDA CFDI/CFDI 药品注册核查要点与判定原则药学研制和生产现场试行 20211217 - 识林.md → 待上传
[2026-04-04 05:42:49] [27/33] NMPA CFDA CFDI/NMPA 化学药品注册分类及申报资料要求 20200629 - 识林.md → 待上传
[2026-04-04 05:42:49] [28/33] NMPA CFDA CFDI/NMPA 药品记录与数据管理要求试行 20200624 - 识林.md → 待上传
[2026-04-04 05:42:49] [29/33] NMPA CFDA CFDI/SAMR 药品注册管理办法 20200122 - 识林.md → 待上传
[2026-04-04 05:42:49] [30/33] NMPA CFDA CFDI/广东省药品注册研发质量管理指南（征求意见稿）康利华解读 - 识林.md → 待上传
[2026-04-04 05:42:49] [31/33] 研究专题/分类基因毒性杂质 - 识林 1.md → 待上传
[2026-04-04 05:42:49] [32/33] 研究专题/分类研发质量体系 - 识林.md → 待上传
[2026-04-04 05:42:49] [33/33] 研究专题/分类警示结构 - 识林.md → 待上传
[2026-04-04 05:42:49] ✓ 生成批量上传脚本: /home/node/.openclaw/workspace/scripts/github-to-feishu-upload-batch.sh
[2026-04-04 05:42:49] ============================================================
[2026-04-04 05:42:49] 同步任务生成完成
[2026-04-04 05:42:49]   待上传: 33 个文件
[2026-04-04 05:42:49]   跳过: 0 个文件
[2026-04-04 05:42:49]   失败/跳过: 0 个文件
[2026-04-04 05:42:49] 
[2026-04-04 05:42:49] 下一步操作:
[2026-04-04 05:42:49]   1. 查看任务列表: cat /home/node/.openclaw/workspace/.github-kb-sync-tasks.json
[2026-04-04 05:42:49]   2. 执行批量上传: bash /home/node/.openclaw/workspace/scripts/github-to-feishu-upload-batch.sh
[2026-04-04 05:42:49] 
[2026-04-04 05:42:49] 或者手动执行单个文件上传:
[2026-04-04 05:42:49]   openclaw tools feishu_drive_file action=upload file_path=<文件路径> folder_token=Ofu0fS87fl5SHwdTZSmcmXoQnse
[2026-04-04 05:42:49] ============================================================
[2026-04-04 05:42:49] ✓ 清理临时目录
[2026-04-04 05:51:14] ============================================================
[2026-04-04 05:51:14] GitHub → 飞书云盘同步开始
[2026-04-04 05:51:14] 时间: 2026-04-04 05:51:14
[2026-04-04 05:51:14] 源: https://github.com/fisher0000/obsidian/tree/main/KB
[2026-04-04 05:51:14] 本地备份: /home/node/.openclaw/workspace/KB-backup
[2026-04-04 05:51:14] 目标: 飞书云盘 (Ofu0fS87fl5SHwdTZSmcmXoQnse)
[2026-04-04 05:51:14] ============================================================
[2026-04-04 05:51:14] ============================================================
[2026-04-04 05:51:14] 步骤1: 从 GitHub 同步 KB 文件夹到本地...
[2026-04-04 05:51:14]   本地仓库不存在，执行 git clone...
[2026-04-04 05:54:05]   ✓ git clone 成功
[2026-04-04 05:54:05] 步骤2: 扫描本地文件...
[2026-04-04 05:54:05] ✓ 发现 33 个文件
[2026-04-04 05:54:05] 步骤3: 开始同步到飞书云盘...
[2026-04-04 05:54:05] 目标文件夹: Ofu0fS87fl5SHwdTZSmcmXoQnse
[2026-04-04 05:54:05] [1/33] EMA/EMA 关于非致突变杂质的界定的思考性文件 Reflection paper on the qualification of non-mutagenic impurities 20260313 - 识林.md
[2026-04-04 05:54:05]   执行上传: EMA 关于非致突变杂质的界定的思考性文件 Reflection paper on the qualification of non-mutagenic impurities 20260313 - 识林.md
[2026-04-04 06:11:23] ============================================================
[2026-04-04 06:11:23] GitHub → 飞书云盘 自动同步开始
[2026-04-04 06:11:23] 时间: 2026-04-04 06:11:23
[2026-04-04 06:11:23] 源: https://github.com/fisher0000/obsidian/tree/main/KB
[2026-04-04 06:11:23] 本地备份: /home/node/.openclaw/workspace/KB-backup
[2026-04-04 06:11:23] 目标: 飞书云盘 (Ofu0fS87fl5SHwdTZSmcmXoQnse)
[2026-04-04 06:11:23] ============================================================
[2026-04-04 06:11:23] ============================================================
[2026-04-04 06:11:23] 步骤1: 从 GitHub 同步 KB 文件夹到本地...
[2026-04-04 06:11:23]   本地仓库已存在，执行 git pull...
[2026-04-04 06:11:24]   ✓ git pull 成功
[2026-04-04 06:11:24] 步骤2: 扫描本地文件...
[2026-04-04 06:11:24] ✓ 发现 33 个文件
[2026-04-04 06:11:24] 步骤3: 生成批量上传脚本...
[2026-04-04 06:11:24] ✓ 生成上传脚本: /home/node/.openclaw/workspace/scripts/github-to-feishu-upload-batch.sh
[2026-04-04 06:11:24] ✓ 待上传文件: 33 个
[2026-04-04 06:11:24] ============================================================
[2026-04-04 06:11:24] 同步任务准备完成
[2026-04-04 06:11:24]   待上传: 33 个文件
[2026-04-04 06:11:24]   跳过: 0 个文件
[2026-04-04 06:11:24] 
[2026-04-04 06:11:24] 本地备份位置: /home/node/.openclaw/workspace/KB-backup/KB
[2026-04-04 06:11:24] 
[2026-04-04 06:11:24] 请执行以下命令完成上传:
[2026-04-04 06:11:24]   bash /home/node/.openclaw/workspace/scripts/github-to-feishu-upload-batch.sh
[2026-04-04 06:11:24] 
[2026-04-04 06:11:24] 或者让我帮你执行批量上传
[2026-04-04 06:11:24] ============================================================
